Command line invocation:
    /Applications/Xcode.app/Contents/Developer/usr/bin/xcodebuild test -scheme LightGallery -destination platform=macOS

--- xcodebuild: WARNING: Using the first of multiple matching destinations:
{ platform:macOS, arch:arm64, id:00008132-001249283685001C, name:My Mac }
{ platform:macOS, arch:x86_64, id:00008132-001249283685001C, name:My Mac }
ComputePackagePrebuildTargetDependencyGraph

Prepare packages

CreateBuildRequest

SendProjectDescription

CreateBuildOperation

ComputeTargetDependencyGraph
note: Building targets in dependency order
note: Target dependency graph (3 targets)
    Target 'LightGalleryUITests' in project 'LightGallery'
        ➜ Explicit dependency on target 'LightGallery' in project 'LightGallery'
    Target 'LightGalleryTests' in project 'LightGallery'
        ➜ Explicit dependency on target 'LightGallery' in project 'LightGallery'
    Target 'LightGallery' in project 'LightGallery' (no dependencies)

GatherProvisioningInputs

CreateBuildDescription

ExecuteExternalTool /Applications/Xcode.app/Contents/Developer/Toolchains/XcodeDefault.xctoolchain/usr/bin/clang -v -E -dM -isysroot /Applications/Xcode.app/Contents/Developer/Platforms/MacOSX.platform/Developer/SDKs/MacOSX26.1.sdk -x c -c /dev/null

ExecuteExternalTool /Applications/Xcode.app/Contents/Developer/Toolchains/XcodeDefault.xctoolchain/usr/bin/swiftc --version

ExecuteExternalTool /Applications/Xcode.app/Contents/Developer/usr/bin/actool --version --output-format xml1

ExecuteExternalTool /Applications/Xcode.app/Contents/Developer/Toolchains/XcodeDefault.xctoolchain/usr/bin/ld -version_details

Build description signature: bdb6b2dcecdcaafe160281e4548ffddb
Build description path: /Users/joyhsin/Library/Developer/Xcode/DerivedData/LightGallery-fjxbfsnxnwabmkgsgrpgaixfsrvb/Build/Intermediates.noindex/XCBuildData/bdb6b2dcecdcaafe160281e4548ffddb.xcbuilddata
ClangStatCache /Applications/Xcode.app/Contents/Developer/Toolchains/XcodeDefault.xctoolchain/usr/bin/clang-stat-cache /Applications/Xcode.app/Contents/Developer/Platforms/MacOSX.platform/Developer/SDKs/MacOSX26.1.sdk /Users/joyhsin/Library/Developer/Xcode/DerivedData/SDKStatCaches.noindex/macosx26.1-25B74-3ae1261907bdadc328169391a47051a6.sdkstatcache
    cd /Users/joyhsin/dev-app/LightGallery/LightGallery.xcodeproj
    /Applications/Xcode.app/Contents/Developer/Toolchains/XcodeDefault.xctoolchain/usr/bin/clang-stat-cache /Applications/Xcode.app/Contents/Developer/Platforms/MacOSX.platform/Developer/SDKs/MacOSX26.1.sdk -o /Users/joyhsin/Library/Developer/Xcode/DerivedData/SDKStatCaches.noindex/macosx26.1-25B74-3ae1261907bdadc328169391a47051a6.sdkstatcache

ProcessInfoPlistFile /Users/joyhsin/Library/Developer/Xcode/DerivedData/LightGallery-fjxbfsnxnwabmkgsgrpgaixfsrvb/Build/Products/Debug/LightGallery.app/Contents/Info.plist /Users/joyhsin/Library/Developer/Xcode/DerivedData/LightGallery-fjxbfsnxnwabmkgsgrpgaixfsrvb/Build/Intermediates.noindex/LightGallery.build/Debug/LightGallery.build/empty-LightGallery.plist (in target 'LightGallery' from project 'LightGallery')
    cd /Users/joyhsin/dev-app/LightGallery
    builtin-infoPlistUtility /Users/joyhsin/Library/Developer/Xcode/DerivedData/LightGallery-fjxbfsnxnwabmkgsgrpgaixfsrvb/Build/Intermediates.noindex/LightGallery.build/Debug/LightGallery.build/empty-LightGallery.plist -producttype com.apple.product-type.application -genpkginfo /Users/joyhsin/Library/Developer/Xcode/DerivedData/LightGallery-fjxbfsnxnwabmkgsgrpgaixfsrvb/Build/Products/Debug/LightGallery.app/Contents/PkgInfo -expandbuildsettings -platform macosx -additionalcontentfile /Users/joyhsin/Library/Developer/Xcode/DerivedData/LightGallery-fjxbfsnxnwabmkgsgrpgaixfsrvb/Build/Intermediates.noindex/LightGallery.build/Debug/LightGallery.build/assetcatalog_generated_info.plist -o /Users/joyhsin/Library/Developer/Xcode/DerivedData/LightGallery-fjxbfsnxnwabmkgsgrpgaixfsrvb/Build/Products/Debug/LightGallery.app/Contents/Info.plist

SwiftDriver LightGallery normal arm64 com.apple.xcode.tools.swift.compiler (in target 'LightGallery' from project 'LightGallery')
    cd /Users/joyhsin/dev-app/LightGallery
    builtin-SwiftDriver -- /Applications/Xcode.app/Contents/Developer/Toolchains/XcodeDefault.xctoolchain/usr/bin/swiftc -module-name LightGallery -Onone -enforce-exclusivity\=checked @/Users/joyhsin/Library/Developer/Xcode/DerivedData/LightGallery-fjxbfsnxnwabmkgsgrpgaixfsrvb/Build/Intermediates.noindex/LightGallery.build/Debug/LightGallery.build/Objects-normal/arm64/LightGallery.SwiftFileList -DDEBUG -enable-bare-slash-regex -enable-experimental-feature DebugDescriptionMacro -sdk /Applications/Xcode.app/Contents/Developer/Platforms/MacOSX.platform/Developer/SDKs/MacOSX26.1.sdk -target arm64-apple-macos14.0 -g -module-cache-path /Users/joyhsin/Library/Developer/Xcode/DerivedData/ModuleCache.noindex -Xfrontend -serialize-debugging-options -profile-coverage-mapping -profile-generate -enable-testing -index-store-path /Users/joyhsin/Library/Developer/Xcode/DerivedData/LightGallery-fjxbfsnxnwabmkgsgrpgaixfsrvb/Index.noindex/DataStore -Xcc -D_LIBCPP_HARDENING_MODE\=_LIBCPP_HARDENING_MODE_DEBUG -swift-version 5 -I /Users/joyhsin/Library/Developer/Xcode/DerivedData/LightGallery-fjxbfsnxnwabmkgsgrpgaixfsrvb/Build/Products/Debug -F /Users/joyhsin/Library/Developer/Xcode/DerivedData/LightGallery-fjxbfsnxnwabmkgsgrpgaixfsrvb/Build/Products/Debug -emit-localized-strings -emit-localized-strings-path /Users/joyhsin/Library/Developer/Xcode/DerivedData/LightGallery-fjxbfsnxnwabmkgsgrpgaixfsrvb/Build/Intermediates.noindex/LightGallery.build/Debug/LightGallery.build/Objects-normal/arm64 -c -j10 -enable-batch-mode -incremental -Xcc -ivfsstatcache -Xcc /Users/joyhsin/Library/Developer/Xcode/DerivedData/SDKStatCaches.noindex/macosx26.1-25B74-3ae1261907bdadc328169391a47051a6.sdkstatcache -output-file-map /Users/joyhsin/Library/Developer/Xcode/DerivedData/LightGallery-fjxbfsnxnwabmkgsgrpgaixfsrvb/Build/Intermediates.noindex/LightGallery.build/Debug/LightGallery.build/Objects-normal/arm64/LightGallery-OutputFileMap.json -use-frontend-parseable-output -save-temps -no-color-diagnostics -explicit-module-build -module-cache-path /Users/joyhsin/Library/Developer/Xcode/DerivedData/LightGallery-fjxbfsnxnwabmkgsgrpgaixfsrvb/Build/Intermediates.noindex/SwiftExplicitPrecompiledModules -clang-scanner-module-cache-path /Users/joyhsin/Library/Developer/Xcode/DerivedData/ModuleCache.noindex -sdk-module-cache-path /Users/joyhsin/Library/Developer/Xcode/DerivedData/ModuleCache.noindex -serialize-diagnostics -emit-dependencies -emit-module -emit-module-path /Users/joyhsin/Library/Developer/Xcode/DerivedData/LightGallery-fjxbfsnxnwabmkgsgrpgaixfsrvb/Build/Intermediates.noindex/LightGallery.build/Debug/LightGallery.build/Objects-normal/arm64/LightGallery.swiftmodule -validate-clang-modules-once -clang-build-session-file /Users/joyhsin/Library/Developer/Xcode/DerivedData/ModuleCache.noindex/Session.modulevalidation -Xcc -I/Users/joyhsin/Library/Developer/Xcode/DerivedData/LightGallery-fjxbfsnxnwabmkgsgrpgaixfsrvb/Build/Intermediates.noindex/LightGallery.build/Debug/LightGallery.build/swift-overrides.hmap -emit-const-values -Xfrontend -const-gather-protocols-file -Xfrontend /Users/joyhsin/Library/Developer/Xcode/DerivedData/LightGallery-fjxbfsnxnwabmkgsgrpgaixfsrvb/Build/Intermediates.noindex/LightGallery.build/Debug/LightGallery.build/Objects-normal/arm64/LightGallery_const_extract_protocols.json -Xcc -iquote -Xcc /Users/joyhsin/Library/Developer/Xcode/DerivedData/LightGallery-fjxbfsnxnwabmkgsgrpgaixfsrvb/Build/Intermediates.noindex/LightGallery.build/Debug/LightGallery.build/LightGallery-generated-files.hmap -Xcc -I/Users/joyhsin/Library/Developer/Xcode/DerivedData/LightGallery-fjxbfsnxnwabmkgsgrpgaixfsrvb/Build/Intermediates.noindex/LightGallery.build/Debug/LightGallery.build/LightGallery-own-target-headers.hmap -Xcc -I/Users/joyhsin/Library/Developer/Xcode/DerivedData/LightGallery-fjxbfsnxnwabmkgsgrpgaixfsrvb/Build/Intermediates.noindex/LightGallery.build/Debug/LightGallery.build/LightGallery-all-target-headers.hmap -Xcc -iquote -Xcc /Users/joyhsin/Library/Developer/Xcode/DerivedData/LightGallery-fjxbfsnxnwabmkgsgrpgaixfsrvb/Build/Intermediates.noindex/LightGallery.build/Debug/LightGallery.build/LightGallery-project-headers.hmap -Xcc -I/Users/joyhsin/Library/Developer/Xcode/DerivedData/LightGallery-fjxbfsnxnwabmkgsgrpgaixfsrvb/Build/Products/Debug/include -Xcc -I/Users/joyhsin/Library/Developer/Xcode/DerivedData/LightGallery-fjxbfsnxnwabmkgsgrpgaixfsrvb/Build/Intermediates.noindex/LightGallery.build/Debug/LightGallery.build/DerivedSources-normal/arm64 -Xcc -I/Users/joyhsin/Library/Developer/Xcode/DerivedData/LightGallery-fjxbfsnxnwabmkgsgrpgaixfsrvb/Build/Intermediates.noindex/LightGallery.build/Debug/LightGallery.build/DerivedSources/arm64 -Xcc -I/Users/joyhsin/Library/Developer/Xcode/DerivedData/LightGallery-fjxbfsnxnwabmkgsgrpgaixfsrvb/Build/Intermediates.noindex/LightGallery.build/Debug/LightGallery.build/DerivedSources -Xcc -DDEBUG\=1 -emit-objc-header -emit-objc-header-path /Users/joyhsin/Library/Developer/Xcode/DerivedData/LightGallery-fjxbfsnxnwabmkgsgrpgaixfsrvb/Build/Intermediates.noindex/LightGallery.build/Debug/LightGallery.build/Objects-normal/arm64/LightGallery-Swift.h -working-directory /Users/joyhsin/dev-app/LightGallery -experimental-emit-module-separately -disable-cmo
/Users/joyhsin/dev-app/LightGallery/LightGallery/Services/FormatConverterService.swift:9:8: error: Unable to find module dependency: 'UIKit'
import UIKit
       ^
/Users/joyhsin/dev-app/LightGallery/LightGallery/Services/FormatConverterService.swift:9:8: note: a dependency of main module 'LightGallery'
import UIKit
       ^
/Users/joyhsin/dev-app/LightGallery/LightGallery/Services/IDPhotoService.swift:3:8: note: also imported here
import UIKit
       ^
/Users/joyhsin/dev-app/LightGallery/LightGallery/Services/LivePhotoService.swift:10:8: note: also imported here
import UIKit
       ^
/Users/joyhsin/dev-app/LightGallery/LightGallery/Services/PhotoAnalysisService.swift:11:8: note: also imported here
import UIKit
       ^
/Users/joyhsin/dev-app/LightGallery/LightGallery/Services/PhotoEnhancerService.swift:9:8: note: also imported here
import UIKit
       ^
/Users/joyhsin/dev-app/LightGallery/LightGallery/Services/PrivacyManager.swift:9:8: note: also imported here
import UIKit
       ^
/Users/joyhsin/dev-app/LightGallery/LightGallery/Services/StitcherService.swift:9:8: note: also imported here
import UIKit
       ^
/Users/joyhsin/dev-app/LightGallery/LightGallery/Services/LivePhotoService.swift:12:8: error: Unable to find module dependency: 'MobileCoreServices'
import MobileCoreServices
       ^
/Users/joyhsin/dev-app/LightGallery/LightGallery/Services/LivePhotoService.swift:12:8: note: a dependency of main module 'LightGallery'
import MobileCoreServices
       ^
/Users/joyhsin/dev-app/LightGallery/LightGallery/Services/FormatConverterService.swift:9:8: error: Unable to find module dependency: 'UIKit'
import UIKit
       ^ (in target 'LightGallery' from project 'LightGallery')
/Users/joyhsin/dev-app/LightGallery/LightGallery/Services/FormatConverterService.swift:9:8: note: A dependency of main module 'LightGallery'
import UIKit
       ^ (in target 'LightGallery' from project 'LightGallery')
/Users/joyhsin/dev-app/LightGallery/LightGallery/Services/IDPhotoService.swift:3:8: note: Also imported here
import UIKit
       ^ (in target 'LightGallery' from project 'LightGallery')
/Users/joyhsin/dev-app/LightGallery/LightGallery/Services/LivePhotoService.swift:10:8: note: Also imported here
import UIKit
       ^ (in target 'LightGallery' from project 'LightGallery')
/Users/joyhsin/dev-app/LightGallery/LightGallery/Services/PhotoAnalysisService.swift:11:8: note: Also imported here
import UIKit
       ^ (in target 'LightGallery' from project 'LightGallery')
/Users/joyhsin/dev-app/LightGallery/LightGallery/Services/PhotoEnhancerService.swift:9:8: note: Also imported here
import UIKit
       ^ (in target 'LightGallery' from project 'LightGallery')
/Users/joyhsin/dev-app/LightGallery/LightGallery/Services/PrivacyManager.swift:9:8: note: Also imported here
import UIKit
       ^ (in target 'LightGallery' from project 'LightGallery')
/Users/joyhsin/dev-app/LightGallery/LightGallery/Services/StitcherService.swift:9:8: note: Also imported here
import UIKit
       ^ (in target 'LightGallery' from project 'LightGallery')
/Users/joyhsin/dev-app/LightGallery/LightGallery/Services/LivePhotoService.swift:12:8: error: Unable to find module dependency: 'MobileCoreServices'
import MobileCoreServices
       ^ (in target 'LightGallery' from project 'LightGallery')
/Users/joyhsin/dev-app/LightGallery/LightGallery/Services/LivePhotoService.swift:12:8: note: A dependency of main module 'LightGallery'
import MobileCoreServices
       ^ (in target 'LightGallery' from project 'LightGallery')


Test session results, code coverage, and logs:
	/Users/joyhsin/Library/Developer/Xcode/DerivedData/LightGallery-fjxbfsnxnwabmkgsgrpgaixfsrvb/Logs/Test/Test-LightGallery-2025.12.07_10-05-14-+0800.xcresult

Testing failed:
	Unable to find module dependency: 'UIKit'
import UIKit
       ^
	Unable to find module dependency: 'MobileCoreServices'
import MobileCoreServices
       ^
	Testing cancelled because the build failed.

** TEST FAILED **


The following build commands failed:
	SwiftDriver LightGallery normal arm64 com.apple.xcode.tools.swift.compiler (in target 'LightGallery' from project 'LightGallery')
	Testing project LightGallery with scheme LightGallery
(2 failures)
